Archive member included to satisfy reference by file (symbol)

/opt/st/stm32cubeide_2.1.0/plugins/com.st.stm32cube.ide.mcu.externaltools.gnu-tools-for-stm32.14.3.rel1.linux64_1.0.100.202602081740/tools/bin/../lib/gcc/arm-none-eabi/14.3.1/../../../../arm-none-eabi/lib/thumb/v7e-m+fp/hard/libc_nano.a(libc_a-exit.o)
                              /opt/st/stm32cubeide_2.1.0/plugins/com.st.stm32cube.ide.mcu.externaltools.gnu-tools-for-stm32.14.3.rel1.linux64_1.0.100.202602081740/tools/bin/../lib/gcc/arm-none-eabi/14.3.1/../../../../arm-none-eabi/lib/thumb/v7e-m+fp/hard/crt0.o (exit)
/opt/st/stm32cubeide_2.1.0/plugins/com.st.stm32cube.ide.mcu.externaltools.gnu-tools-for-stm32.14.3.rel1.linux64_1.0.100.202602081740/tools/bin/../lib/gcc/arm-none-eabi/14.3.1/../../../../arm-none-eabi/lib/thumb/v7e-m+fp/hard/libc_nano.a(libc_a-findfp.o)
                              /opt/st/stm32cubeide_2.1.0/plugins/com.st.stm32cube.ide.mcu.externaltools.gnu-tools-for-stm32.14.3.rel1.linux64_1.0.100.202602081740/tools/bin/../lib/gcc/arm-none-eabi/14.3.1/../../../../arm-none-eabi/lib/thumb/v7e-m+fp/hard/libc_nano.a(libc_a-exit.o) (__stdio_exit_handler)
/opt/st/stm32cubeide_2.1.0/plugins/com.st.stm32cube.ide.mcu.externaltools.gnu-tools-for-stm32.14.3.rel1.linux64_1.0.100.202602081740/tools/bin/../lib/gcc/arm-none-eabi/14.3.1/../../../../arm-none-eabi/lib/thumb/v7e-m+fp/hard/libc_nano.a(libc_a-fwalk.o)
                              /opt/st/stm32cubeide_2.1.0/plugins/com.st.stm32cube.ide.mcu.externaltools.gnu-tools-for-stm32.14.3.rel1.linux64_1.0.100.202602081740/tools/bin/../lib/gcc/arm-none-eabi/14.3.1/../../../../arm-none-eabi/lib/thumb/v7e-m+fp/hard/libc_nano.a(libc_a-findfp.o) (_fwalk_sglue)
/opt/st/stm32cubeide_2.1.0/plugins/com.st.stm32cube.ide.mcu.externaltools.gnu-tools-for-stm32.14.3.rel1.linux64_1.0.100.202602081740/tools/bin/../lib/gcc/arm-none-eabi/14.3.1/../../../../arm-none-eabi/lib/thumb/v7e-m+fp/hard/libc_nano.a(libc_a-stdio.o)
                              /opt/st/stm32cubeide_2.1.0/plugins/com.st.stm32cube.ide.mcu.externaltools.gnu-tools-for-stm32.14.3.rel1.linux64_1.0.100.202602081740/tools/bin/../lib/gcc/arm-none-eabi/14.3.1/../../../../arm-none-eabi/lib/thumb/v7e-m+fp/hard/libc_nano.a(libc_a-findfp.o) (__sread)
/opt/st/stm32cubeide_2.1.0/plugins/com.st.stm32cube.ide.mcu.externaltools.gnu-tools-for-stm32.14.3.rel1.linux64_1.0.100.202602081740/tools/bin/../lib/gcc/arm-none-eabi/14.3.1/../../../../arm-none-eabi/lib/thumb/v7e-m+fp/hard/libc_nano.a(libc_a-memset.o)
                              /opt/st/stm32cubeide_2.1.0/plugins/com.st.stm32cube.ide.mcu.externaltools.gnu-tools-for-stm32.14.3.rel1.linux64_1.0.100.202602081740/tools/bin/../lib/gcc/arm-none-eabi/14.3.1/../../../../arm-none-eabi/lib/thumb/v7e-m+fp/hard/crt0.o (memset)
/opt/st/stm32cubeide_2.1.0/plugins/com.st.stm32cube.ide.mcu.externaltools.gnu-tools-for-stm32.14.3.rel1.linux64_1.0.100.202602081740/tools/bin/../lib/gcc/arm-none-eabi/14.3.1/../../../../arm-none-eabi/lib/thumb/v7e-m+fp/hard/libc_nano.a(libc_a-closer.o)
                              /opt/st/stm32cubeide_2.1.0/plugins/com.st.stm32cube.ide.mcu.externaltools.gnu-tools-for-stm32.14.3.rel1.linux64_1.0.100.202602081740/tools/bin/../lib/gcc/arm-none-eabi/14.3.1/../../../../arm-none-eabi/lib/thumb/v7e-m+fp/hard/libc_nano.a(libc_a-stdio.o) (_close_r)
/opt/st/stm32cubeide_2.1.0/plugins/com.st.stm32cube.ide.mcu.externaltools.gnu-tools-for-stm32.14.3.rel1.linux64_1.0.100.202602081740/tools/bin/../lib/gcc/arm-none-eabi/14.3.1/../../../../arm-none-eabi/lib/thumb/v7e-m+fp/hard/libc_nano.a(libc_a-reent.o)
                              /opt/st/stm32cubeide_2.1.0/plugins/com.st.stm32cube.ide.mcu.externaltools.gnu-tools-for-stm32.14.3.rel1.linux64_1.0.100.202602081740/tools/bin/../lib/gcc/arm-none-eabi/14.3.1/../../../../arm-none-eabi/lib/thumb/v7e-m+fp/hard/libc_nano.a(libc_a-closer.o) (errno)
/opt/st/stm32cubeide_2.1.0/plugins/com.st.stm32cube.ide.mcu.externaltools.gnu-tools-for-stm32.14.3.rel1.linux64_1.0.100.202602081740/tools/bin/../lib/gcc/arm-none-eabi/14.3.1/../../../../arm-none-eabi/lib/thumb/v7e-m+fp/hard/libc_nano.a(libc_a-impure.o)
                              /opt/st/stm32cubeide_2.1.0/plugins/com.st.stm32cube.ide.mcu.externaltools.gnu-tools-for-stm32.14.3.rel1.linux64_1.0.100.202602081740/tools/bin/../lib/gcc/arm-none-eabi/14.3.1/../../../../arm-none-eabi/lib/thumb/v7e-m+fp/hard/libc_nano.a(libc_a-reent.o) (_impure_ptr)
/opt/st/stm32cubeide_2.1.0/plugins/com.st.stm32cube.ide.mcu.externaltools.gnu-tools-for-stm32.14.3.rel1.linux64_1.0.100.202602081740/tools/bin/../lib/gcc/arm-none-eabi/14.3.1/../../../../arm-none-eabi/lib/thumb/v7e-m+fp/hard/libc_nano.a(libc_a-lseekr.o)
                              /opt/st/stm32cubeide_2.1.0/plugins/com.st.stm32cube.ide.mcu.externaltools.gnu-tools-for-stm32.14.3.rel1.linux64_1.0.100.202602081740/tools/bin/../lib/gcc/arm-none-eabi/14.3.1/../../../../arm-none-eabi/lib/thumb/v7e-m+fp/hard/libc_nano.a(libc_a-stdio.o) (_lseek_r)
[...]
Memory Configuration

Name             Origin             Length             Attributes
RAM              0x20000000         0x00020000         xrw
FLASH            0x08000000         0x00080000         xr
*default*        0x00000000         0xffffffff

Linker script and memory map

LOAD /opt/st/stm32cubeide_2.1.0/plugins/com.st.stm32cube.ide.mcu.externaltools.gnu-tools-for-stm32.14.3.rel1.linux64_1.0.100.202602081740/tools/bin/../lib/gcc/arm-none-eabi/14.3.1/thumb/v7e-m+fp/hard/crti.o
LOAD /opt/st/stm32cubeide_2.1.0/plugins/com.st.stm32cube.ide.mcu.externaltools.gnu-tools-for-stm32.14.3.rel1.linux64_1.0.100.202602081740/tools/bin/../lib/gcc/arm-none-eabi/14.3.1/thumb/v7e-m+fp/hard/crtbegin.o
LOAD /opt/st/stm32cubeide_2.1.0/plugins/com.st.stm32cube.ide.mcu.externaltools.gnu-tools-for-stm32.14.3.rel1.linux64_1.0.100.202602081740/tools/bin/../lib/gcc/arm-none-eabi/14.3.1/../../../../arm-none-eabi/lib/thumb/v7e-m+fp/hard/crt0.o
LOAD ./Core/Src/brushless.o
LOAD ./Core/Src/dma.o
LOAD ./Core/Src/gpio.o
LOAD ./Core/Src/ir_sensor.o
LOAD ./Core/Src/main.o
LOAD ./Core/Src/motor.o
LOAD ./Core/Src/pid.o
LOAD ./Core/Src/stm32f4xx_hal_msp.o
LOAD ./Core/Src/stm32f4xx_it.o
LOAD ./Core/Src/syscalls.o
LOAD ./Core/Src/sysmem.o
LOAD ./Core/Src/system_stm32f4xx.o
LOAD ./Core/Src/tim.o
LOAD ./Core/Startup/startup_stm32f411ceux.o
LOAD ./Drivers/STM32F4xx_HAL_Driver/Src/stm32f4xx_hal.o
LOAD ./Drivers/STM32F4xx_HAL_Driver/Src/stm32f4xx_hal_adc.o
LOAD ./Drivers/STM32F4xx_HAL_Driver/Src/stm32f4xx_hal_adc_ex.o
LOAD ./Drivers/STM32F4xx_HAL_Driver/Src/stm32f4xx_hal_cortex.o
LOAD ./Drivers/STM32F4xx_HAL_Driver/Src/stm32f4xx_hal_dma.o
LOAD ./Drivers/STM32F4xx_HAL_Driver/Src/stm32f4xx_hal_dma_ex.o
LOAD ./Drivers/STM32F4xx_HAL_Driver/Src/stm32f4xx_hal_exti.o
LOAD ./Drivers/STM32F4xx_HAL_Driver/Src/stm32f4xx_hal_flash.o
LOAD ./Drivers/STM32F4xx_HAL_Driver/Src/stm32f4xx_hal_flash_ex.o
LOAD ./Drivers/STM32F4xx_HAL_Driver/Src/stm32f4xx_hal_flash_ramfunc.o
LOAD ./Drivers/STM32F4xx_HAL_Driver/Src/stm32f4xx_hal_gpio.o
LOAD ./Drivers/STM32F4xx_HAL_Driver/Src/stm32f4xx_hal_pwr.o
LOAD ./Drivers/STM32F4xx_HAL_Driver/Src/stm32f4xx_hal_pwr_ex.o
LOAD ./Drivers/STM32F4xx_HAL_Driver/Src/stm32f4xx_hal_rcc.o
LOAD ./Drivers/STM32F4xx_HAL_Driver/Src/stm32f4xx_hal_rcc_ex.o
LOAD ./Drivers/STM32F4xx_HAL_Driver/Src/stm32f4xx_hal_spi.o
LOAD ./Drivers/STM32F4xx_HAL_Driver/Src/stm32f4xx_hal_tim.o
LOAD ./Drivers/STM32F4xx_HAL_Driver/Src/stm32f4xx_hal_tim_ex.o
START GROUP
LOAD /opt/st/stm32cubeide_2.1.0/plugins/com.st.stm32cube.ide.mcu.externaltools.gnu-tools-for-stm32.14.3.rel1.linux64_1.0.100.202602081740/tools/bin/../lib/gcc/arm-none-eabi/14.3.1/../../../../arm-none-eabi/lib/thumb/v7e-m+fp/hard/libc_nano.a
LOAD /opt/st/stm32cubeide_2.1.0/plugins/com.st.stm32cube.ide.mcu.externaltools.gnu-tools-for-stm32.14.3.rel1.linux64_1.0.100.202602081740/tools/bin/../lib/gcc/arm-none-eabi/14.3.1/../../../../arm-none-eabi/lib/thumb/v7e-m+fp/hard/libm.a
END GROUP
START GROUP
LOAD /opt/st/stm32cubeide_2.1.0/plugins/com.st.stm32cube.ide.mcu.externaltools.gnu-tools-for-stm32.14.3.rel1.linux64_1.0.100.202602081740/tools/bin/../lib/gcc/arm-none-eabi/14.3.1/thumb/v7e-m+fp/hard/libgcc.a
LOAD /opt/st/stm32cubeide_2.1.0/plugins/com.st.stm32cube.ide.mcu.externaltools.gnu-tools-for-stm32.14.3.rel1.linux64_1.0.100.202602081740/tools/bin/../lib/gcc/arm-none-eabi/14.3.1/../../../../arm-none-eabi/lib/thumb/v7e-m+fp/hard/libc_nano.a
END GROUP
START GROUP
LOAD /opt/st/stm32cubeide_2.1.0/plugins/com.st.stm32cube.ide.mcu.externaltools.gnu-tools-for-stm32.14.3.rel1.linux64_1.0.100.202602081740/tools/bin/../lib/gcc/arm-none-eabi/14.3.1/thumb/v7e-m+fp/hard/libgcc.a
LOAD /opt/st/stm32cubeide_2.1.0/plugins/com.st.stm32cube.ide.mcu.externaltools.gnu-tools-for-stm32.14.3.rel1.linux64_1.0.100.202602081740/tools/bin/../lib/gcc/arm-none-eabi/14.3.1/../../../../arm-none-eabi/lib/thumb/v7e-m+fp/hard/libc_nano.a
LOAD /opt/st/stm32cubeide_2.1.0/plugins/com.st.stm32cube.ide.mcu.externaltools.gnu-tools-for-stm32.14.3.rel1.linux64_1.0.100.202602081740/tools/bin/../lib/gcc/arm-none-eabi/14.3.1/../../../../arm-none-eabi/lib/thumb/v7e-m+fp/hard/libnosys.a
END GROUP
START GROUP
LOAD /opt/st/stm32cubeide_2.1.0/plugins/com.st.stm32cube.ide.mcu.externaltools.gnu-tools-for-stm32.14.3.rel1.linux64_1.0.100.202602081740/tools/bin/../lib/gcc/arm-none-eabi/14.3.1/thumb/v7e-m+fp/hard/libgcc.a
LOAD /opt/st/stm32cubeide_2.1.0/plugins/com.st.stm32cube.ide.mcu.externaltools.gnu-tools-for-stm32.14.3.rel1.linux64_1.0.100.202602081740/tools/bin/../lib/gcc/arm-none-eabi/14.3.1/../../../../arm-none-eabi/lib/thumb/v7e-m+fp/hard/libc_nano.a
LOAD /opt/st/stm32cubeide_2.1.0/plugins/com.st.stm32cube.ide.mcu.externaltools.gnu-tools-for-stm32.14.3.rel1.linux64_1.0.100.202602081740/tools/bin/../lib/gcc/arm-none-eabi/14.3.1/../../../../arm-none-eabi/lib/thumb/v7e-m+fp/hard/libnosys.a
END GROUP
LOAD /opt/st/stm32cubeide_2.1.0/plugins/com.st.stm32cube.ide.mcu.externaltools.gnu-tools-for-stm32.14.3.rel1.linux64_1.0.100.202602081740/tools/bin/../lib/gcc/arm-none-eabi/14.3.1/thumb/v7e-m+fp/hard/crtend.o
LOAD /opt/st/stm32cubeide_2.1.0/plugins/com.st.stm32cube.ide.mcu.externaltools.gnu-tools-for-stm32.14.3.rel1.linux64_1.0.100.202602081740/tools/bin/../lib/gcc/arm-none-eabi/14.3.1/thumb/v7e-m+fp/hard/crtn.o
                0x20020000                        _estack = (ORIGIN (RAM) + LENGTH (RAM))
                0x00000200                        _Min_Heap_Size = 0x200
                0x00000400                        _Min_Stack_Size = 0x400

.isr_vector     0x08000000      0x198
                0x08000000                        . = ALIGN (0x4)
 *(.isr_vector)
 .isr_vector    0x08000000      0x198 ./Core/Startup/startup_stm32f411ceux.o
                0x08000000                g_pfnVectors
                0x08000198                        . = ALIGN (0x4)

.text           0x08000198     0x4408
                0x08000198                        . = ALIGN (0x4)
 *(.text)
 .text          0x08000198       0x40 /opt/st/stm32cubeide_2.1.0/plugins/com.st.stm32cube.ide.mcu.externaltools.gnu-tools-for-stm32.14.3.rel1.linux64_1.0.100.202602081740/tools/bin/../lib/gcc/arm-none-eabi/14.3.1/thumb/v7e-m+fp/hard/crtbegin.o
 .text          0x080001d8       0x30 /opt/st/stm32cubeide_2.1.0/plugins/com.st.stm32cube.ide.mcu.externaltools.gnu-tools-for-stm32.14.3.rel1.linux64_1.0.100.202602081740/tools/bin/../lib/gcc/arm-none-eabi/14.3.1/thumb/v7e-m+fp/hard/libgcc.a(_aeabi_uldivmod.o)
                0x080001d8                __aeabi_uldivmod
 .text          0x08000208      0x2f8 /opt/st/stm32cubeide_2.1.0/plugins/com.st.stm32cube.ide.mcu.externaltools.gnu-tools-for-stm32.14.3.rel1.linux64_1.0.100.202602081740/tools/bin/../lib/gcc/arm-none-eabi/14.3.1/thumb/v7e-m+fp/hard/libgcc.a(_udivmoddi4.o)
                0x08000208                __udivmoddi4
 .text          0x08000500        0x4 /opt/st/stm32cubeide_2.1.0/plugins/com.st.stm32cube.ide.mcu.externaltools.gnu-tools-for-stm32.14.3.rel1.linux64_1.0.100.202602081740/tools/bin/../lib/gcc/arm-none-eabi/14.3.1/thumb/v7e-m+fp/hard/libgcc.a(_dvmd_tls.o)
                0x08000500                __aeabi_ldiv0
                0x08000500                __aeabi_idiv0
 *(.text*)
 .text.DShot_PrepareBuffer
                0x08000504       0xee ./Core/Src/brushless.o
 *fill*         0x080005f2        0x2 
 .text.Brushless_Init
                0x080005f4       0x78 ./Core/Src/brushless.o
                0x080005f4                Brushless_Init
 .text.Brushless_SetSpeed
                0x0800066c       0x78 ./Core/Src/brushless.o
                0x0800066c                Brushless_SetSpeed
 .text.MX_DMA_Init
                0x080006e4       0x50 ./Core/Src/dma.o
                0x080006e4                MX_DMA_Init
 .text.MX_GPIO_Init
                0x08000734      0x14c ./Core/Src/gpio.o
                0x08000734                MX_GPIO_Init
 .text.IR_Init  0x08000880       0xc4 ./Core/Src/ir_sensor.o
                0x08000880                IR_Init
 .text.IR_SelectChannel
                0x08000944       0x70 ./Core/Src/ir_sensor.o
                0x08000944                IR_SelectChannel
 .text.IR_ReadADC
                0x080009b4       0x38 ./Core/Src/ir_sensor.o
                0x080009b4                IR_ReadADC
 .text.IR_SetBrightness
                0x080009ec       0x44 ./Core/Src/ir_sensor.o
                0x080009ec                IR_SetBrightness
 .text.IR_ReadAll
                0x08000a30       0x54 ./Core/Src/ir_sensor.o
                0x08000a30                IR_ReadAll
 .text.IR_GetLinePosition
                0x08000a84       0xa4 ./Core/Src/ir_sensor.o
                0x08000a84                IR_GetLinePosition
 .text.main     0x08000b28      0x5a8 ./Core/Src/main.o
                0x08000b28                main
 .text.SystemClock_Config
                0x080010d0       0xd0 ./Core/Src/main.o
                0x080010d0                SystemClock_Config
 .text.Error_Handler
                0x080011a0        0xc ./Core/Src/main.o
                0x080011a0                Error_Handler
 .text.Motor_Init
                0x080011ac       0xf0 ./Core/Src/motor.o
                0x080011ac                Motor_Init
 .text.Motor_Left
                0x0800129c       0xa4 ./Core/Src/motor.o
                0x0800129c                Motor_Left
 .text.Motor_Right
                0x08001340       0xa4 ./Core/Src/motor.o
                0x08001340                Motor_Right
 .text.Motor_Stop
                0x080013e4       0x36 ./Core/Src/motor.o
                0x080013e4                Motor_Stop
 .text.PID_Init
                0x0800141a       0x56 ./Core/Src/pid.o
                0x0800141a                PID_Init
 .text.PID_Compute
                0x08001470      0x1b4 ./Core/Src/pid.o
                0x08001470                PID_Compute
 .text.HAL_MspInit
                0x08001624       0x50 ./Core/Src/stm32f4xx_hal_msp.o
                0x08001624                HAL_MspInit
 .text.NMI_Handler
                0x08001674        0x8 ./Core/Src/stm32f4xx_it.o
                0x08001674                NMI_Handler
 .text.HardFault_Handler
                0x0800167c        0x8 ./Core/Src/stm32f4xx_it.o
                0x0800167c                HardFault_Handler
 .text.MemManage_Handler
                0x08001684        0x8 ./Core/Src/stm32f4xx_it.o
                0x08001684                MemManage_Handler
 .text.BusFault_Handler
                0x0800168c        0x8 ./Core/Src/stm32f4xx_it.o
                0x0800168c                BusFault_Handler
 .text.UsageFault_Handler
                0x08001694        0x8 ./Core/Src/stm32f4xx_it.o
                0x08001694                UsageFault_Handler
 .text.SVC_Handler
                0x0800169c        0xe ./Core/Src/stm32f4xx_it.o
                0x0800169c                SVC_Handler
 .text.DebugMon_Handler
                0x080016aa        0xe ./Core/Src/stm32f4xx_it.o
                0x080016aa                DebugMon_Handler
 .text.PendSV_Handler
                0x080016b8        0xe ./Core/Src/stm32f4xx_it.o
                0x080016b8                PendSV_Handler
 .text.SysTick_Handler
                0x080016c6        0xc ./Core/Src/stm32f4xx_it.o
                0x080016c6                SysTick_Handler
 *fill*         0x080016d2        0x2 
 .text.DMA2_Stream2_IRQHandler
                0x080016d4       0x14 ./Core/Src/stm32f4xx_it.o
                0x080016d4                DMA2_Stream2_IRQHandler
 .text.DMA2_Stream6_IRQHandler
                0x080016e8       0x14 ./Core/Src/stm32f4xx_it.o
                0x080016e8                DMA2_Stream6_IRQHandler
 .text.SystemInit
                0x080016fc       0x24 ./Core/Src/system_stm32f4xx.o
                0x080016fc                SystemInit
 .text.MX_TIM1_Init
                0x08001720      0x158 ./Core/Src/tim.o
                0x08001720                MX_TIM1_Init
 .text.MX_TIM2_Init
                0x08001878       0xf4 ./Core/Src/tim.o
                0x08001878                MX_TIM2_Init
 .text.MX_TIM3_Init
                0x0800196c       0xb4 ./Core/Src/tim.o
                0x0800196c                MX_TIM3_Init
 .text.HAL_TIM_Base_MspInit
                0x08001a20      0x118 ./Core/Src/tim.o
                0x08001a20                HAL_TIM_Base_MspInit
 .text.HAL_TIM_PWM_MspInit
                0x08001b38       0x6c ./Core/Src/tim.o
                0x08001b38                HAL_TIM_PWM_MspInit
 .text.HAL_TIM_MspPostInit
                0x08001ba4      0x10c ./Core/Src/tim.o
                0x08001ba4                HAL_TIM_MspPostInit
 .text.Reset_Handler
                0x08001cb0       0x50 ./Core/Startup/startup_stm32f411ceux.o
                0x08001cb0                Reset_Handler
 .text.Default_Handler
                0x08001d00        0x2 ./Core/Startup/startup_stm32f411ceux.o
                0x08001d00                RTC_Alarm_IRQHandler
                0x08001d00                EXTI2_IRQHandler
                0x08001d00                SPI4_IRQHandler
                0x08001d00                TIM1_CC_IRQHandler
                0x08001d00                DMA2_Stream5_IRQHandler
                0x08001d00                DMA1_Stream5_IRQHandler
                0x08001d00                PVD_IRQHandler
                0x08001d00                SDIO_IRQHandler
                0x08001d00                TAMP_STAMP_IRQHandler
                0x08001d00                EXTI3_IRQHandler
                0x08001d00                TIM1_UP_TIM10_IRQHandler
                0x08001d00                I2C3_ER_IRQHandler
                0x08001d00                EXTI0_IRQHandler
                0x08001d00                I2C2_EV_IRQHandler
                0x08001d00                DMA1_Stream2_IRQHandler
                0x08001d00                FPU_IRQHandler
                0x08001d00                SPI1_IRQHandler
                0x08001d00                TIM1_BRK_TIM9_IRQHandler
                0x08001d00                DMA2_Stream3_IRQHandler
                0x08001d00                USART6_IRQHandler
                0x08001d00                DMA2_Stream0_IRQHandler
                0x08001d00                TIM4_IRQHandler
                0x08001d00                I2C1_EV_IRQHandler
                0x08001d00                DMA1_Stream6_IRQHandler
                0x08001d00                DMA1_Stream1_IRQHandler
                0x08001d00                TIM3_IRQHandler
                0x08001d00                RCC_IRQHandler
                0x08001d00                Default_Handler
                0x08001d00                EXTI15_10_IRQHandler
                0x08001d00                ADC_IRQHandler
                0x08001d00                DMA1_Stream7_IRQHandler
                0x08001d00                SPI5_IRQHandler
                0x08001d00                TIM5_IRQHandler
                0x08001d00                DMA2_Stream7_IRQHandler
                0x08001d00                I2C3_EV_IRQHandler
                0x08001d00                EXTI9_5_IRQHandler
                0x08001d00                RTC_WKUP_IRQHandler
                0x08001d00                SPI2_IRQHandler
                0x08001d00                DMA1_Stream0_IRQHandler
                0x08001d00                EXTI4_IRQHandler
                0x08001d00                WWDG_IRQHandler
                0x08001d00                TIM2_IRQHandler
                0x08001d00                OTG_FS_WKUP_IRQHandler
                0x08001d00                TIM1_TRG_COM_TIM11_IRQHandler
                0x08001d00                EXTI1_IRQHandler
                0x08001d00                USART2_IRQHandler
                0x08001d00                I2C2_ER_IRQHandler
                0x08001d00                DMA2_Stream1_IRQHandler
                0x08001d00                FLASH_IRQHandler
                0x08001d00                DMA2_Stream4_IRQHandler
                0x08001d00                USART1_IRQHandler
                0x08001d00                OTG_FS_IRQHandler
                0x08001d00                SPI3_IRQHandler
                0x08001d00                DMA1_Stream4_IRQHandler
                0x08001d00                I2C1_ER_IRQHandler
                0x08001d00                DMA1_Stream3_IRQHandler
 *fill*         0x08001d02        0x2 
 .text.HAL_Init
                0x08001d04       0x44 ./Drivers/STM32F4xx_HAL_Driver/Src/stm32f4xx_hal.o
                0x08001d04                HAL_Init
 .text.HAL_InitTick
                0x08001d48       0x60 ./Drivers/STM32F4xx_HAL_Driver/Src/stm32f4xx_hal.o
                0x08001d48                HAL_InitTick
 .text.HAL_IncTick
                0x08001da8       0x28 ./Drivers/STM32F4xx_HAL_Driver/Src/stm32f4xx_hal.o
                0x08001da8                HAL_IncTick
 .text.HAL_GetTick
                0x08001dd0       0x18 ./Drivers/STM32F4xx_HAL_Driver/Src/stm32f4xx_hal.o
                0x08001dd0                HAL_GetTick
 .text.__NVIC_SetPriorityGrouping
                0x08001de8       0x48 ./Drivers/STM32F4xx_HAL_Driver/Src/stm32f4xx_hal_cortex.o
 .text.__NVIC_GetPriorityGrouping
                0x08001e30       0x1c ./Drivers/STM32F4xx_HAL_Driver/Src/stm32f4xx_hal_cortex.o
 .text.__NVIC_EnableIRQ
                0x08001e4c       0x3c ./Drivers/STM32F4xx_HAL_Driver/Src/stm32f4xx_hal_cortex.o
 .text.__NVIC_SetPriority
                0x08001e88       0x54 ./Drivers/STM32F4xx_HAL_Driver/Src/stm32f4xx_hal_cortex.o
 .text.NVIC_EncodePriority
                0x08001edc       0x66 ./Drivers/STM32F4xx_HAL_Driver/Src/stm32f4xx_hal_cortex.o
 *fill*         0x08001f42        0x2 
 .text.SysTick_Config
                0x08001f44       0x44 ./Drivers/STM32F4xx_HAL_Driver/Src/stm32f4xx_hal_cortex.o
 .text.HAL_NVIC_SetPriorityGrouping
                0x08001f88       0x16 ./Drivers/STM32F4xx_HAL_Driver/Src/stm32f4xx_hal_cortex.o
                0x08001f88                HAL_NVIC_SetPriorityGrouping
 .text.HAL_NVIC_SetPriority
                0x08001f9e       0x38 ./Drivers/STM32F4xx_HAL_Driver/Src/stm32f4xx_hal_cortex.o
                0x08001f9e                HAL_NVIC_SetPriority
 .text.HAL_NVIC_EnableIRQ
                0x08001fd6       0x1c ./Drivers/STM32F4xx_HAL_Driver/Src/stm32f4xx_hal_cortex.o
                0x08001fd6                HAL_NVIC_EnableIRQ
 .text.HAL_SYSTICK_Config
                0x08001ff2       0x18 ./Drivers/STM32F4xx_HAL_Driver/Src/stm32f4xx_hal_cortex.o
                0x08001ff2                HAL_SYSTICK_Config
 *fill*         0x0800200a        0x2 
 .text.HAL_DMA_Init
                0x0800200c      0x15c ./Drivers/STM32F4xx_HAL_Driver/Src/stm32f4xx_hal_dma.o
                0x0800200c                HAL_DMA_Init
 .text.HAL_DMA_Start_IT
                0x08002168       0xb0 ./Drivers/STM32F4xx_HAL_Driver/Src/stm32f4xx_hal_dma.o
                0x08002168                HAL_DMA_Start_IT
 .text.HAL_DMA_IRQHandler
                0x08002218      0x314 ./Drivers/STM32F4xx_HAL_Driver/Src/stm32f4xx_hal_dma.o
                0x08002218                HAL_DMA_IRQHandler
 .text.DMA_SetConfig
                0x0800252c       0x5c ./Drivers/STM32F4xx_HAL_Driver/Src/stm32f4xx_hal_dma.o
 .text.DMA_CalcBaseAndBitshift
                0x08002588       0x6c ./Drivers/STM32F4xx_HAL_Driver/Src/stm32f4xx_hal_dma.o
 .text.DMA_CheckFifoParam
                0x080025f4       0xf8 ./Drivers/STM32F4xx_HAL_Driver/Src/stm32f4xx_hal_dma.o
 .text.HAL_GPIO_Init
                0x080026ec      0x308 ./Drivers/STM32F4xx_HAL_Driver/Src/stm32f4xx_hal_gpio.o
                0x080026ec                HAL_GPIO_Init
 .text.HAL_GPIO_ReadPin
                0x080029f4       0x30 ./Drivers/STM32F4xx_HAL_Driver/Src/stm32f4xx_hal_gpio.o
                0x080029f4                HAL_GPIO_ReadPin
 .text.HAL_GPIO_WritePin
                0x08002a24       0x32 ./Drivers/STM32F4xx_HAL_Driver/Src/stm32f4xx_hal_gpio.o
                0x08002a24                HAL_GPIO_WritePin
 *fill*         0x08002a56        0x2 
 .text.HAL_RCC_OscConfig
                0x08002a58      0x4f0 ./Drivers/STM32F4xx_HAL_Driver/Src/stm32f4xx_hal_rcc.o
                0x08002a58                HAL_RCC_OscConfig
 .text.HAL_RCC_ClockConfig
                0x08002f48      0x1cc ./Drivers/STM32F4xx_HAL_Driver/Src/stm32f4xx_hal_rcc.o
                0x08002f48                HAL_RCC_ClockConfig
 .text.HAL_RCC_GetSysClockFreq
                0x08003114      0x20c ./Drivers/STM32F4xx_HAL_Driver/Src/stm32f4xx_hal_rcc.o
                0x08003114                HAL_RCC_GetSysClockFreq
 .text.HAL_TIM_Base_Init
                0x08003320       0x9e ./Drivers/STM32F4xx_HAL_Driver/Src/stm32f4xx_hal_tim.o
                0x08003320                HAL_TIM_Base_Init
 .text.HAL_TIM_PWM_Init
                0x080033be       0x9e ./Drivers/STM32F4xx_HAL_Driver/Src/stm32f4xx_hal_tim.o
                0x080033be                HAL_TIM_PWM_Init
 .text.HAL_TIM_PWM_Start
                0x0800345c      0x160 ./Drivers/STM32F4xx_HAL_Driver/Src/stm32f4xx_hal_tim.o
                0x0800345c                HAL_TIM_PWM_Start
 .text.HAL_TIM_PWM_Start_DMA
                0x080035bc      0x360 ./Drivers/STM32F4xx_HAL_Driver/Src/stm32f4xx_hal_tim.o
                0x080035bc                HAL_TIM_PWM_Start_DMA
 .text.HAL_TIM_PWM_ConfigChannel
                0x0800391c      0x184 ./Drivers/STM32F4xx_HAL_Driver/Src/stm32f4xx_hal_tim.o
                0x0800391c                HAL_TIM_PWM_ConfigChannel
 .text.HAL_TIM_ConfigClockSource
                0x08003aa0      0x18e ./Drivers/STM32F4xx_HAL_Driver/Src/stm32f4xx_hal_tim.o
                0x08003aa0                HAL_TIM_ConfigClockSource
 .text.HAL_TIM_PWM_PulseFinishedCallback
                0x08003c2e       0x14 ./Drivers/STM32F4xx_HAL_Driver/Src/stm32f4xx_hal_tim.o
                0x08003c2e                HAL_TIM_PWM_PulseFinishedCallback
 .text.HAL_TIM_PWM_PulseFinishedHalfCpltCallback
                0x08003c42       0x14 ./Drivers/STM32F4xx_HAL_Driver/Src/stm32f4xx_hal_tim.o
                0x08003c42                HAL_TIM_PWM_PulseFinishedHalfCpltCallback
 .text.HAL_TIM_ErrorCallback
                0x08003c56       0x14 ./Drivers/STM32F4xx_HAL_Driver/Src/stm32f4xx_hal_tim.o
                0x08003c56                HAL_TIM_ErrorCallback
 .text.TIM_DMAError
                0x08003c6a       0x92 ./Drivers/STM32F4xx_HAL_Driver/Src/stm32f4xx_hal_tim.o
                0x08003c6a                TIM_DMAError
 .text.TIM_DMADelayPulseCplt
                0x08003cfc       0xa8 ./Drivers/STM32F4xx_HAL_Driver/Src/stm32f4xx_hal_tim.o
 .text.TIM_DMADelayPulseHalfCplt
                0x08003da4       0x68 ./Drivers/STM32F4xx_HAL_Driver/Src/stm32f4xx_hal_tim.o
                0x08003da4                TIM_DMADelayPulseHalfCplt
 .text.TIM_Base_SetConfig
                0x08003e0c      0x10c ./Drivers/STM32F4xx_HAL_Driver/Src/stm32f4xx_hal_tim.o
                0x08003e0c                TIM_Base_SetConfig
 .text.TIM_OC1_SetConfig
                0x08003f18       0xcc ./Drivers/STM32F4xx_HAL_Driver/Src/stm32f4xx_hal_tim.o
 .text.TIM_OC2_SetConfig
                0x08003fe4       0xd8 ./Drivers/STM32F4xx_HAL_Driver/Src/stm32f4xx_hal_tim.o
                0x08003fe4                TIM_OC2_SetConfig
 .text.TIM_OC3_SetConfig
                0x080040bc       0xd4 ./Drivers/STM32F4xx_HAL_Driver/Src/stm32f4xx_hal_tim.o
 .text.TIM_OC4_SetConfig
                0x08004190       0xa0 ./Drivers/STM32F4xx_HAL_Driver/Src/stm32f4xx_hal_tim.o
 .text.TIM_TI1_ConfigInputStage
                0x08004230       0x5e ./Drivers/STM32F4xx_HAL_Driver/Src/stm32f4xx_hal_tim.o
 .text.TIM_TI2_ConfigInputStage
                0x0800428e       0x60 ./Drivers/STM32F4xx_HAL_Driver/Src/stm32f4xx_hal_tim.o
 .text.TIM_ITRx_SetConfig
                0x080042ee       0x36 ./Drivers/STM32F4xx_HAL_Driver/Src/stm32f4xx_hal_tim.o
 .text.TIM_ETR_SetConfig
                0x08004324       0x40 ./Drivers/STM32F4xx_HAL_Driver/Src/stm32f4xx_hal_tim.o
                0x08004324                TIM_ETR_SetConfig
 .text.TIM_CCxChannelCmd
                0x08004364       0x4a ./Drivers/STM32F4xx_HAL_Driver/Src/stm32f4xx_hal_tim.o
                0x08004364                TIM_CCxChannelCmd
 *fill*         0x080043ae        0x2 
 .text.HAL_TIMEx_MasterConfigSynchronization
                0x080043b0       0xdc ./Drivers/STM32F4xx_HAL_Driver/Src/stm32f4xx_hal_tim_ex.o
                0x080043b0                HAL_TIMEx_MasterConfigSynchronization
 .text.HAL_TIMEx_ConfigBreakDeadTime
                0x0800448c       0xa4 ./Drivers/STM32F4xx_HAL_Driver/Src/stm32f4xx_hal_tim_ex.o
                0x0800448c                HAL_TIMEx_ConfigBreakDeadTime
 .text.memset   0x08004530       0x10 /opt/st/stm32cubeide_2.1.0/plugins/com.st.stm32cube.ide.mcu.externaltools.gnu-tools-for-stm32.14.3.rel1.linux64_1.0.100.202602081740/tools/bin/../lib/gcc/arm-none-eabi/14.3.1/../../../../arm-none-eabi/lib/thumb/v7e-m+fp/hard/libc_nano.a(libc_a-memset.o)
                0x08004530                memset
 .text.__libc_init_array
                0x08004540       0x48 /opt/st/stm32cubeide_2.1.0/plugins/com.st.stm32cube.ide.mcu.externaltools.gnu-tools-for-stm32.14.3.rel1.linux64_1.0.100.202602081740/tools/bin/../lib/gcc/arm-none-eabi/14.3.1/../../../../arm-none-eabi/lib/thumb/v7e-m+fp/hard/libc_nano.a(libc_a-init.o)
                0x08004540                __libc_init_array
 *(.glue_7)
 .glue_7        0x08004588        0x0 linker stubs
 *(.glue_7t)
 .glue_7t       0x08004588        0x0 linker stubs
 *(.eh_frame)
 .eh_frame      0x08004588        0x0 /opt/st/stm32cubeide_2.1.0/plugins/com.st.stm32cube.ide.mcu.externaltools.gnu-tools-for-stm32.14.3.rel1.linux64_1.0.100.202602081740/tools/bin/../lib/gcc/arm-none-eabi/14.3.1/thumb/v7e-m+fp/hard/crtbegin.o
 *(.init)
 .init          0x08004588        0x4 /opt/st/stm32cubeide_2.1.0/plugins/com.st.stm32cube.ide.mcu.externaltools.gnu-tools-for-stm32.14.3.rel1.linux64_1.0.100.202602081740/tools/bin/../lib/gcc/arm-none-eabi/14.3.1/thumb/v7e-m+fp/hard/crti.o
                0x08004588                _init
 .init          0x0800458c        0x8 /opt/st/stm32cubeide_2.1.0/plugins/com.st.stm32cube.ide.mcu.externaltools.gnu-tools-for-stm32.14.3.rel1.linux64_1.0.100.202602081740/tools/bin/../lib/gcc/arm-none-eabi/14.3.1/thumb/v7e-m+fp/hard/crtn.o
 *(.fini)
 .fini          0x08004594        0x4 /opt/st/stm32cubeide_2.1.0/plugins/com.st.stm32cube.ide.mcu.externaltools.gnu-tools-for-stm32.14.3.rel1.linux64_1.0.100.202602081740/tools/bin/../lib/gcc/arm-none-eabi/14.3.1/thumb/v7e-m+fp/hard/crti.o
                0x08004594                _fini
 .fini          0x08004598        0x8 /opt/st/stm32cubeide_2.1.0/plugins/com.st.stm32cube.ide.mcu.externaltools.gnu-tools-for-stm32.14.3.rel1.linux64_1.0.100.202602081740/tools/bin/../lib/gcc/arm-none-eabi/14.3.1/thumb/v7e-m+fp/hard/crtn.o
                0x080045a0                        . = ALIGN (0x4)
                0x080045a0                        _etext = .

.vfp11_veneer   0x080045a0        0x0
 .vfp11_veneer  0x080045a0        0x0 linker stubs

.v4_bx          0x080045a0        0x0
 .v4_bx         0x080045a0        0x0 linker stubs

.iplt           0x080045a0        0x0
 .iplt          0x080045a0        0x0 /opt/st/stm32cubeide_2.1.0/plugins/com.st.stm32cube.ide.mcu.externaltools.gnu-tools-for-stm32.14.3.rel1.linux64_1.0.100.202602081740/tools/bin/../lib/gcc/arm-none-eabi/14.3.1/thumb/v7e-m+fp/hard/crtbegin.o

.rodata         0x080045a0       0x18
                0x080045a0                        . = ALIGN (0x4)
 *(.rodata)
 *(.rodata*)
 .rodata.AHBPrescTable
                0x080045a0       0x10 ./Core/Src/system_stm32f4xx.o
                0x080045a0                AHBPrescTable
 .rodata.flagBitshiftOffset.0
                0x080045b0        0x8 ./Drivers/STM32F4xx_HAL_Driver/Src/stm32f4xx_hal_dma.o
                0x080045b8                        . = ALIGN (0x4)

.ARM.extab      0x080045b8        0x0
                0x080045b8                        . = ALIGN (0x4)
 *(.ARM.extab* .gnu.linkonce.armextab.*)
                0x080045b8                        . = ALIGN (0x4)

.ARM            0x080045b8        0x8
                0x080045b8                        . = ALIGN (0x4)
                0x080045b8                        __exidx_start = .
 *(.ARM.exidx*)
 .ARM.exidx     0x080045b8        0x8 /opt/st/stm32cubeide_2.1.0/plugins/com.st.stm32cube.ide.mcu.externaltools.gnu-tools-for-stm32.14.3.rel1.linux64_1.0.100.202602081740/tools/bin/../lib/gcc/arm-none-eabi/14.3.1/thumb/v7e-m+fp/hard/libgcc.a(_udivmoddi4.o)
                0x080045c0                        __exidx_end = .
                0x080045c0                        . = ALIGN (0x4)

.preinit_array  0x080045c0        0x0
                0x080045c0                        . = ALIGN (0x4)
                0x080045c0                        PROVIDE (__preinit_array_start = .)
 *(.preinit_array*)
                0x080045c0                        PROVIDE (__preinit_array_end = .)
                0x080045c0                        . = ALIGN (0x4)

.init_array     0x080045c0        0x4
                0x080045c0                        . = ALIGN (0x4)
                0x080045c0                        PROVIDE (__init_array_start = .)
 *(SORT_BY_NAME(.init_array.*))
 *(.init_array*)
 .init_array    0x080045c0        0x4 /opt/st/stm32cubeide_2.1.0/plugins/com.st.stm32cube.ide.mcu.externaltools.gnu-tools-for-stm32.14.3.rel1.linux64_1.0.100.202602081740/tools/bin/../lib/gcc/arm-none-eabi/14.3.1/thumb/v7e-m+fp/hard/crtbegin.o
                0x080045c4                        PROVIDE (__init_array_end = .)
                0x080045c4                        . = ALIGN (0x4)

.fini_array     0x080045c4        0x4
                0x080045c4                        . = ALIGN (0x4)
                [!provide]                        PROVIDE (__fini_array_start = .)
 *(SORT_BY_NAME(.fini_array.*))
 *(.fini_array*)
 .fini_array    0x080045c4        0x4 /opt/st/stm32cubeide_2.1.0/plugins/com.st.stm32cube.ide.mcu.externaltools.gnu-tools-for-stm32.14.3.rel1.linux64_1.0.100.202602081740/tools/bin/../lib/gcc/arm-none-eabi/14.3.1/thumb/v7e-m+fp/hard/crtbegin.o
                [!provide]                        PROVIDE (__fini_array_end = .)
                0x080045c8                        . = ALIGN (0x4)
                0x080045c8                        _sidata = LOADADDR (.data)

.rel.dyn        0x080045c8        0x0
 .rel.iplt      0x080045c8        0x0 /opt/st/stm32cubeide_2.1.0/plugins/com.st.stm32cube.ide.mcu.externaltools.gnu-tools-for-stm32.14.3.rel1.linux64_1.0.100.202602081740/tools/bin/../lib/gcc/arm-none-eabi/14.3.1/thumb/v7e-m+fp/hard/crtbegin.o

.data           0x20000000       0x10 load address 0x080045c8
                0x20000000                        . = ALIGN (0x4)
                0x20000000                        _sdata = .
 *(.data)
 *(.data*)
 .data.last_m1.1
                0x20000000        0x2 ./Core/Src/brushless.o
 .data.last_m2.0
                0x20000002        0x2 ./Core/Src/brushless.o
 .data.SystemCoreClock
                0x20000004        0x4 ./Core/Src/system_stm32f4xx.o
                0x20000004                SystemCoreClock
 .data.uwTickPrio
                0x20000008        0x4 ./Drivers/STM32F4xx_HAL_Driver/Src/stm32f4xx_hal.o
                0x20000008                uwTickPrio
 .data.uwTickFreq
                0x2000000c        0x1 ./Drivers/STM32F4xx_HAL_Driver/Src/stm32f4xx_hal.o
                0x2000000c                uwTickFreq
 *(.RamFunc)
 *(.RamFunc*)
                0x20000010                        . = ALIGN (0x4)
 *fill*         0x2000000d        0x3 
                0x20000010                        _edata = .

.igot.plt       0x20000010        0x0 load address 0x080045d8
 .igot.plt      0x20000010        0x0 /opt/st/stm32cubeide_2.1.0/plugins/com.st.stm32cube.ide.mcu.externaltools.gnu-tools-for-stm32.14.3.rel1.linux64_1.0.100.202602081740/tools/bin/../lib/gcc/arm-none-eabi/14.3.1/thumb/v7e-m+fp/hard/crtbegin.o
                0x20000010                        . = ALIGN (0x4)

.bss            0x20000010      0x414 load address 0x080045d8
                0x20000010                        _sbss = .
                0x20000010                        __bss_start__ = _sbss
 *(.bss)
 .bss           0x20000010       0x1c /opt/st/stm32cubeide_2.1.0/plugins/com.st.stm32cube.ide.mcu.externaltools.gnu-tools-for-stm32.14.3.rel1.linux64_1.0.100.202602081740/tools/bin/../lib/gcc/arm-none-eabi/14.3.1/thumb/v7e-m+fp/hard/crtbegin.o
 *(.bss*)
 .bss.motor1_buffer
                0x2000002c      0x100 ./Core/Src/brushless.o
 .bss.motor2_buffer
                0x2000012c      0x100 ./Core/Src/brushless.o
 .bss.last_raw_values
                0x2000022c       0x10 ./Core/Src/ir_sensor.o
 .bss.ir_values
                0x2000023c       0x10 ./Core/Src/main.o
                0x2000023c                ir_values
 .bss.line_position
                0x2000024c        0x2 ./Core/Src/main.o
                0x2000024c                line_position
 .bss.last_line_position
                0x2000024e        0x2 ./Core/Src/main.o
                0x2000024e                last_line_position
 .bss.recovery_turn_dir
                0x20000250        0x1 ./Core/Src/main.o
                0x20000250                recovery_turn_dir
 .bss.line_lock_count
                0x20000251        0x1 ./Core/Src/main.o
                0x20000251                line_lock_count
 .bss.line_locked
                0x20000252        0x1 ./Core/Src/main.o
                0x20000252                line_locked
 *fill*         0x20000253        0x1 
 .bss.line_pid  0x20000254       0x18 ./Core/Src/main.o
                0x20000254                line_pid
 .bss.current_state
                0x2000026c        0x1 ./Core/Src/main.o
                0x2000026c                current_state
 *fill*         0x2000026d        0x3 
 .bss.run_start_time
                0x20000270        0x4 ./Core/Src/main.o
                0x20000270                run_start_time
 .bss.delay_start_time
                0x20000274        0x4 ./Core/Src/main.o
                0x20000274                delay_start_time
 .bss.spinup_start_time
                0x20000278        0x4 ./Core/Src/main.o
                0x20000278                spinup_start_time
 .bss.lost_line_start_time
                0x2000027c        0x4 ./Core/Src/main.o
                0x2000027c                lost_line_start_time
 .bss.last_button_time
                0x20000280        0x4 ./Core/Src/main.o
                0x20000280                last_button_time
 .bss.last_btn_state.0
                0x20000284        0x1 ./Core/Src/main.o
 *fill*         0x20000285        0x3 
 .bss.htim1     0x20000288       0x48 ./Core/Src/tim.o
                0x20000288                htim1
 .bss.htim2     0x200002d0       0x48 ./Core/Src/tim.o
                0x200002d0                htim2
 .bss.htim3     0x20000318       0x48 ./Core/Src/tim.o
                0x20000318                htim3
 .bss.hdma_tim1_ch2
                0x20000360       0x60 ./Core/Src/tim.o
                0x20000360                hdma_tim1_ch2
 .bss.hdma_tim1_ch3
                0x200003c0       0x60 ./Core/Src/tim.o
                0x200003c0                hdma_tim1_ch3
 .bss.uwTick    0x20000420        0x4 ./Drivers/STM32F4xx_HAL_Driver/Src/stm32f4xx_hal.o
                0x20000420                uwTick
 *(COMMON)
                0x20000424                        . = ALIGN (0x4)
                0x20000424                        _ebss = .
                0x20000424                        __bss_end__ = _ebss

._user_heap_stack
                0x20000424      0x604 load address 0x080045d8
                0x20000428                        . = ALIGN (0x8)
 *fill*         0x20000424        0x4 
                [!provide]                        PROVIDE (end = .)
                0x20000428                        PROVIDE (_end = .)
                0x20000628                        . = (. + _Min_Heap_Size)
 *fill*         0x20000428      0x200 
                0x20000a28                        . = (. + _Min_Stack_Size)
 *fill*         0x20000628      0x400 
                0x20000a28                        . = ALIGN (0x8)

/DISCARD/
 libc.a(*)
 libm.a(*)
 libgcc.a(*)

.ARM.attributes
                0x00000000       0x30
 *(.ARM.attributes)
 .ARM.attributes
                0x00000000       0x22 /opt/st/stm32cubeide_2.1.0/plugins/com.st.stm32cube.ide.mcu.externaltools.gnu-tools-for-stm32.14.3.rel1.linux64_1.0.100.202602081740/tools/bin/../lib/gcc/arm-none-eabi/14.3.1/thumb/v7e-m+fp/hard/crti.o
 .ARM.attributes
                0x00000022       0x34 /opt/st/stm32cubeide_2.1.0/plugins/com.st.stm32cube.ide.mcu.externaltools.gnu-tools-for-stm32.14.3.rel1.linux64_1.0.100.202602081740/tools/bin/../lib/gcc/arm-none-eabi/14.3.1/thumb/v7e-m+fp/hard/crtbegin.o
 .ARM.attributes
                0x00000056       0x34 ./Core/Src/brushless.o
 .ARM.attributes
                0x0000008a       0x34 ./Core/Src/dma.o
 .ARM.attributes
                0x000000be       0x34 ./Core/Src/gpio.o
 .ARM.attributes
                0x000000f2       0x34 ./Core/Src/ir_sensor.o
 .ARM.attributes
                0x00000126       0x34 ./Core/Src/main.o
 .ARM.attributes
                0x0000015a       0x34 ./Core/Src/motor.o
 .ARM.attributes
                0x0000018e       0x34 ./Core/Src/pid.o
 .ARM.attributes
                0x000001c2       0x34 ./Core/Src/stm32f4xx_hal_msp.o
 .ARM.attributes
                0x000001f6       0x34 ./Core/Src/stm32f4xx_it.o
 .ARM.attributes
                0x0000022a       0x34 ./Core/Src/system_stm32f4xx.o
 .ARM.attributes
                0x0000025e       0x34 ./Core/Src/tim.o
 .ARM.attributes
                0x00000292       0x21 ./Core/Startup/startup_stm32f411ceux.o
 .ARM.attributes
                0x000002b3       0x34 ./Drivers/STM32F4xx_HAL_Driver/Src/stm32f4xx_hal.o
 .ARM.attributes
                0x000002e7       0x34 ./Drivers/STM32F4xx_HAL_Driver/Src/stm32f4xx_hal_cortex.o
 .ARM.attributes
                0x0000031b       0x34 ./Drivers/STM32F4xx_HAL_Driver/Src/stm32f4xx_hal_dma.o
 .ARM.attributes
                0x0000034f       0x34 ./Drivers/STM32F4xx_HAL_Driver/Src/stm32f4xx_hal_gpio.o
 .ARM.attributes
                0x00000383       0x34 ./Drivers/STM32F4xx_HAL_Driver/Src/stm32f4xx_hal_rcc.o
 .ARM.attributes
                0x000003b7       0x34 ./Drivers/STM32F4xx_HAL_Driver/Src/stm32f4xx_hal_tim.o
 .ARM.attributes
                0x000003eb       0x34 ./Drivers/STM32F4xx_HAL_Driver/Src/stm32f4xx_hal_tim_ex.o
 .ARM.attributes
                0x0000041f       0x34 /opt/st/stm32cubeide_2.1.0/plugins/com.st.stm32cube.ide.mcu.externaltools.gnu-tools-for-stm32.14.3.rel1.linux64_1.0.100.202602081740/tools/bin/../lib/gcc/arm-none-eabi/14.3.1/../../../../arm-none-eabi/lib/thumb/v7e-m+fp/hard/libc_nano.a(libc_a-memset.o)
 .ARM.attributes
                0x00000453       0x34 /opt/st/stm32cubeide_2.1.0/plugins/com.st.stm32cube.ide.mcu.externaltools.gnu-tools-for-stm32.14.3.rel1.linux64_1.0.100.202602081740/tools/bin/../lib/gcc/arm-none-eabi/14.3.1/../../../../arm-none-eabi/lib/thumb/v7e-m+fp/hard/libc_nano.a(libc_a-init.o)
 .ARM.attributes
                0x00000487       0x22 /opt/st/stm32cubeide_2.1.0/plugins/com.st.stm32cube.ide.mcu.externaltools.gnu-tools-for-stm32.14.3.rel1.linux64_1.0.100.202602081740/tools/bin/../lib/gcc/arm-none-eabi/14.3.1/thumb/v7e-m+fp/hard/libgcc.a(_aeabi_uldivmod.o)
 .ARM.attributes
                0x000004a9       0x34 /opt/st/stm32cubeide_2.1.0/plugins/com.st.stm32cube.ide.mcu.externaltools.gnu-tools-for-stm32.14.3.rel1.linux64_1.0.100.202602081740/tools/bin/../lib/gcc/arm-none-eabi/14.3.1/thumb/v7e-m+fp/hard/libgcc.a(_udivmoddi4.o)
 .ARM.attributes
                0x000004dd       0x22 /opt/st/stm32cubeide_2.1.0/plugins/com.st.stm32cube.ide.mcu.externaltools.gnu-tools-for-stm32.14.3.rel1.linux64_1.0.100.202602081740/tools/bin/../lib/gcc/arm-none-eabi/14.3.1/thumb/v7e-m+fp/hard/libgcc.a(_dvmd_tls.o)
 .ARM.attributes
                0x000004ff       0x22 /opt/st/stm32cubeide_2.1.0/plugins/com.st.stm32cube.ide.mcu.externaltools.gnu-tools-for-stm32.14.3.rel1.linux64_1.0.100.202602081740/tools/bin/../lib/gcc/arm-none-eabi/14.3.1/thumb/v7e-m+fp/hard/crtn.o
OUTPUT(LineFollowerV3.1.elf elf32-littlearm)
LOAD linker stubs
LOAD /opt/st/stm32cubeide_2.1.0/plugins/com.st.stm32cube.ide.mcu.externaltools.gnu-tools-for-stm32.14.3.rel1.linux64_1.0.100.202602081740/tools/bin/../lib/gcc/arm-none-eabi/14.3.1/../../../../arm-none-eabi/lib/thumb/v7e-m+fp/hard/libc.a
LOAD /opt/st/stm32cubeide_2.1.0/plugins/com.st.stm32cube.ide.mcu.externaltools.gnu-tools-for-stm32.14.3.rel1.linux64_1.0.100.202602081740/tools/bin/../lib/gcc/arm-none-eabi/14.3.1/../../../../arm-none-eabi/lib/thumb/v7e-m+fp/hard/libm.a
LOAD /opt/st/stm32cubeide_2.1.0/plugins/com.st.stm32cube.ide.mcu.externaltools.gnu-tools-for-stm32.14.3.rel1.linux64_1.0.100.202602081740/tools/bin/../lib/gcc/arm-none-eabi/14.3.1/thumb/v7e-m+fp/hard/libgcc.a

.debug_info     0x00000000     0xb659
 .debug_info    0x00000000      0x80c ./Core/Src/brushless.o
 .debug_info    0x0000080c      0x445 ./Core/Src/dma.o
 .debug_info    0x00000c51      0x433 ./Core/Src/gpio.o
 .debug_info    0x00001084      0xd56 ./Core/Src/ir_sensor.o
 .debug_info    0x00001dda      0x95c ./Core/Src/main.o
 .debug_info    0x00002736      0x5bf ./Core/Src/motor.o
 .debug_info    0x00002cf5      0x21f ./Core/Src/pid.o
 .debug_info    0x00002f14      0x291 ./Core/Src/stm32f4xx_hal_msp.o
 .debug_info    0x000031a5      0x3d7 ./Core/Src/stm32f4xx_it.o
 .debug_info    0x0000357c      0x53e ./Core/Src/system_stm32f4xx.o
 .debug_info    0x00003aba      0xe62 ./Core/Src/tim.o
 .debug_info    0x0000491c       0x30 ./Core/Startup/startup_stm32f411ceux.o
 .debug_info    0x0000494c      0x8c4 ./Drivers/STM32F4xx_HAL_Driver/Src/stm32f4xx_hal.o
 .debug_info    0x00005210      0xcfc ./Drivers/STM32F4xx_HAL_Driver/Src/stm32f4xx_hal_cortex.o
 .debug_info    0x00005f0c      0x8e6 ./Drivers/STM32F4xx_HAL_Driver/Src/stm32f4xx_hal_dma.o
 .debug_info    0x000067f2      0x6f9 ./Drivers/STM32F4xx_HAL_Driver/Src/stm32f4xx_hal_gpio.o
 .debug_info    0x00006eeb      0x904 ./Drivers/STM32F4xx_HAL_Driver/Src/stm32f4xx_hal_rcc.o
 .debug_info    0x000077ef     0x2996 ./Drivers/STM32F4xx_HAL_Driver/Src/stm32f4xx_hal_tim.o
 .debug_info    0x0000a185     0x14d4 ./Drivers/STM32F4xx_HAL_Driver/Src/stm32f4xx_hal_tim_ex.o

.debug_abbrev   0x00000000     0x225e
 .debug_abbrev  0x00000000      0x1ed ./Core/Src/brushless.o
 .debug_abbrev  0x000001ed      0x10e ./Core/Src/dma.o
 .debug_abbrev  0x000002fb      0x151 ./Core/Src/gpio.o
 .debug_abbrev  0x0000044c      0x249 ./Core/Src/ir_sensor.o
 .debug_abbrev  0x00000695      0x23b ./Core/Src/main.o
 .debug_abbrev  0x000008d0      0x17c ./Core/Src/motor.o
 .debug_abbrev  0x00000a4c       0xf6 ./Core/Src/pid.o
 .debug_abbrev  0x00000b42       0xd8 ./Core/Src/stm32f4xx_hal_msp.o
 .debug_abbrev  0x00000c1a      0x13a ./Core/Src/stm32f4xx_it.o
 .debug_abbrev  0x00000d54      0x11a ./Core/Src/system_stm32f4xx.o
 .debug_abbrev  0x00000e6e      0x299 ./Core/Src/tim.o
 .debug_abbrev  0x00001107       0x24 ./Core/Startup/startup_stm32f411ceux.o
 .debug_abbrev  0x0000112b      0x24b ./Drivers/STM32F4xx_HAL_Driver/Src/stm32f4xx_hal.o
 .debug_abbrev  0x00001376      0x31d ./Drivers/STM32F4xx_HAL_Driver/Src/stm32f4xx_hal_cortex.o
 .debug_abbrev  0x00001693      0x221 ./Drivers/STM32F4xx_HAL_Driver/Src/stm32f4xx_hal_dma.o
 .debug_abbrev  0x000018b4      0x1d3 ./Drivers/STM32F4xx_HAL_Driver/Src/stm32f4xx_hal_gpio.o
 .debug_abbrev  0x00001a87      0x2b6 ./Drivers/STM32F4xx_HAL_Driver/Src/stm32f4xx_hal_rcc.o
 .debug_abbrev  0x00001d3d      0x28b ./Drivers/STM32F4xx_HAL_Driver/Src/stm32f4xx_hal_tim.o
 .debug_abbrev  0x00001fc8      0x296 ./Drivers/STM32F4xx_HAL_Driver/Src/stm32f4xx_hal_tim_ex.o

.debug_aranges  0x00000000      0xb60
 .debug_aranges
                0x00000000       0x30 ./Core/Src/brushless.o
 .debug_aranges
                0x00000030       0x20 ./Core/Src/dma.o
 .debug_aranges
                0x00000050       0x20 ./Core/Src/gpio.o
 .debug_aranges
                0x00000070       0x60 ./Core/Src/ir_sensor.o
 .debug_aranges
                0x000000d0       0x30 ./Core/Src/main.o
 .debug_aranges
                0x00000100       0x38 ./Core/Src/motor.o
 .debug_aranges
                0x00000138       0x28 ./Core/Src/pid.o
 .debug_aranges
                0x00000160       0x20 ./Core/Src/stm32f4xx_hal_msp.o
 .debug_aranges
                0x00000180       0x70 ./Core/Src/stm32f4xx_it.o
 .debug_aranges
                0x000001f0       0x28 ./Core/Src/system_stm32f4xx.o
 .debug_aranges
                0x00000218       0x58 ./Core/Src/tim.o
 .debug_aranges
                0x00000270       0x28 ./Core/Startup/startup_stm32f411ceux.o
 .debug_aranges
                0x00000298       0xf0 ./Drivers/STM32F4xx_HAL_Driver/Src/stm32f4xx_hal.o
 .debug_aranges
                0x00000388      0x130 ./Drivers/STM32F4xx_HAL_Driver/Src/stm32f4xx_hal_cortex.o
 .debug_aranges
                0x000004b8       0x90 ./Drivers/STM32F4xx_HAL_Driver/Src/stm32f4xx_hal_dma.o
 .debug_aranges
                0x00000548       0x58 ./Drivers/STM32F4xx_HAL_Driver/Src/stm32f4xx_hal_gpio.o
 .debug_aranges
                0x000005a0       0x88 ./Drivers/STM32F4xx_HAL_Driver/Src/stm32f4xx_hal_rcc.o
 .debug_aranges
                0x00000628      0x3d0 ./Drivers/STM32F4xx_HAL_Driver/Src/stm32f4xx_hal_tim.o
 .debug_aranges
                0x000009f8      0x168 ./Drivers/STM32F4xx_HAL_Driver/Src/stm32f4xx_hal_tim_ex.o

.debug_rnglists
                0x00000000      0x8c7
 .debug_rnglists
                0x00000000       0x20 ./Core/Src/brushless.o
 .debug_rnglists
                0x00000020       0x13 ./Core/Src/dma.o
 .debug_rnglists
                0x00000033       0x14 ./Core/Src/gpio.o
 .debug_rnglists
                0x00000047       0x45 ./Core/Src/ir_sensor.o
 .debug_rnglists
                0x0000008c       0x3f ./Core/Src/main.o
 .debug_rnglists
                0x000000cb       0x28 ./Core/Src/motor.o
 .debug_rnglists
                0x000000f3       0x1a ./Core/Src/pid.o
 .debug_rnglists
                0x0000010d       0x13 ./Core/Src/stm32f4xx_hal_msp.o
 .debug_rnglists
                0x00000120       0x4f ./Core/Src/stm32f4xx_it.o
 .debug_rnglists
                0x0000016f       0x1a ./Core/Src/system_stm32f4xx.o
 .debug_rnglists
                0x00000189       0x42 ./Core/Src/tim.o
 .debug_rnglists
                0x000001cb       0x19 ./Core/Startup/startup_stm32f411ceux.o
 .debug_rnglists
                0x000001e4       0xaf ./Drivers/STM32F4xx_HAL_Driver/Src/stm32f4xx_hal.o
 .debug_rnglists
                0x00000293       0xe0 ./Drivers/STM32F4xx_HAL_Driver/Src/stm32f4xx_hal_cortex.o
 .debug_rnglists
                0x00000373       0x70 ./Drivers/STM32F4xx_HAL_Driver/Src/stm32f4xx_hal_dma.o
 .debug_rnglists
                0x000003e3       0x3f ./Drivers/STM32F4xx_HAL_Driver/Src/stm32f4xx_hal_gpio.o
 .debug_rnglists
                0x00000422       0x66 ./Drivers/STM32F4xx_HAL_Driver/Src/stm32f4xx_hal_rcc.o
 .debug_rnglists
                0x00000488      0x31a ./Drivers/STM32F4xx_HAL_Driver/Src/stm32f4xx_hal_tim.o
 .debug_rnglists
                0x000007a2      0x125 ./Drivers/STM32F4xx_HAL_Driver/Src/stm32f4xx_hal_tim_ex.o

.debug_macro    0x00000000    0x18491
 .debug_macro   0x00000000      0x22a ./Core/Src/brushless.o
 .debug_macro   0x0000022a      0xad8 ./Core/Src/brushless.o
 .debug_macro   0x00000d02      0x2a1 ./Core/Src/brushless.o
 .debug_macro   0x00000fa3       0x2e ./Core/Src/brushless.o
 .debug_macro   0x00000fd1       0x28 ./Core/Src/brushless.o
 .debug_macro   0x00000ff9       0x22 ./Core/Src/brushless.o
 .debug_macro   0x0000101b       0x8e ./Core/Src/brushless.o
 .debug_macro   0x000010a9       0x51 ./Core/Src/brushless.o
 .debug_macro   0x000010fa      0x103 ./Core/Src/brushless.o
 .debug_macro   0x000011fd       0x6a ./Core/Src/brushless.o
 .debug_macro   0x00001267      0x1df ./Core/Src/brushless.o
 .debug_macro   0x00001446       0x1c ./Core/Src/brushless.o
 .debug_macro   0x00001462       0x22 ./Core/Src/brushless.o
 .debug_macro   0x00001484       0xfb ./Core/Src/brushless.o
 .debug_macro   0x0000157f     0x1011 ./Core/Src/brushless.o
 .debug_macro   0x00002590      0x11f ./Core/Src/brushless.o
 .debug_macro   0x000026af     0xb968 ./Core/Src/brushless.o
 .debug_macro   0x0000e017       0x6d ./Core/Src/brushless.o
 .debug_macro   0x0000e084     0x3693 ./Core/Src/brushless.o
 .debug_macro   0x00011717      0x190 ./Core/Src/brushless.o
 .debug_macro   0x000118a7       0x5c ./Core/Src/brushless.o
 .debug_macro   0x00011903      0x45c ./Core/Src/brushless.o
 .debug_macro   0x00011d5f      0x9e9 ./Core/Src/brushless.o
 .debug_macro   0x00012748      0x115 ./Core/Src/brushless.o
 .debug_macro   0x0001285d      0x11b ./Core/Src/brushless.o
 .debug_macro   0x00012978       0xa5 ./Core/Src/brushless.o
 .debug_macro   0x00012a1d      0x15f ./Core/Src/brushless.o
 .debug_macro   0x00012b7c      0x287 ./Core/Src/brushless.o
 .debug_macro   0x00012e03       0x5f ./Core/Src/brushless.o
 .debug_macro   0x00012e62      0x236 ./Core/Src/brushless.o
 .debug_macro   0x00013098      0x9e1 ./Core/Src/brushless.o
 .debug_macro   0x00013a79      0x38b ./Core/Src/brushless.o
 .debug_macro   0x00013e04      0x17d ./Core/Src/brushless.o
 .debug_macro   0x00013f81       0xf9 ./Core/Src/brushless.o
 .debug_macro   0x0001407a      0x132 ./Core/Src/brushless.o
 .debug_macro   0x000141ac      0x264 ./Core/Src/brushless.o
 .debug_macro   0x00014410       0x2e ./Core/Src/brushless.o
 .debug_macro   0x0001443e      0x127 ./Core/Src/brushless.o
 .debug_macro   0x00014565       0x85 ./Core/Src/brushless.o
 .debug_macro   0x000145ea       0x89 ./Core/Src/brushless.o
 .debug_macro   0x00014673      0x225 ./Core/Src/brushless.o
 .debug_macro   0x00014898      0x8ed ./Core/Src/brushless.o
 .debug_macro   0x00015185       0x47 ./Core/Src/brushless.o
 .debug_macro   0x000151cc      0x126 ./Core/Src/brushless.o
 .debug_macro   0x000152f2      0x20a ./Core/Src/dma.o
 .debug_macro   0x000154fc      0x20a ./Core/Src/gpio.o
 .debug_macro   0x00015706      0x250 ./Core/Src/ir_sensor.o
 .debug_macro   0x00015956      0x3fd ./Core/Src/main.o
 .debug_macro   0x00015d53       0x10 ./Core/Src/main.o
 .debug_macro   0x00015d63       0x61 ./Core/Src/main.o
 .debug_macro   0x00015dc4       0x2a ./Core/Src/main.o
 .debug_macro   0x00015dee       0x43 ./Core/Src/main.o
 .debug_macro   0x00015e31       0x34 ./Core/Src/main.o
 .debug_macro   0x00015e65       0x16 ./Core/Src/main.o
 .debug_macro   0x00015e7b       0x3c ./Core/Src/main.o
 .debug_macro   0x00015eb7      0x364 ./Core/Src/main.o
 .debug_macro   0x0001621b       0x10 ./Core/Src/main.o
 .debug_macro   0x0001622b       0x16 ./Core/Src/main.o
 .debug_macro   0x00016241       0x4a ./Core/Src/main.o
 .debug_macro   0x0001628b       0x34 ./Core/Src/main.o
 .debug_macro   0x000162bf       0x10 ./Core/Src/main.o
 .debug_macro   0x000162cf       0x58 ./Core/Src/main.o
 .debug_macro   0x00016327       0x8e ./Core/Src/main.o
 .debug_macro   0x000163b5       0x1c ./Core/Src/main.o
 .debug_macro   0x000163d1      0x17e ./Core/Src/main.o
 .debug_macro   0x0001654f       0x16 ./Core/Src/main.o
 .debug_macro   0x00016565       0x16 ./Core/Src/main.o
 .debug_macro   0x0001657b      0x146 ./Core/Src/main.o
 .debug_macro   0x000166c1       0x16 ./Core/Src/main.o
 .debug_macro   0x000166d7       0x16 ./Core/Src/main.o
 .debug_macro   0x000166ed       0x29 ./Core/Src/main.o
 .debug_macro   0x00016716      0x2d6 ./Core/Src/motor.o
 .debug_macro   0x000169ec      0x2b5 ./Core/Src/pid.o
 .debug_macro   0x00016ca1      0x19b ./Core/Src/pid.o
 .debug_macro   0x00016e3c      0x200 ./Core/Src/stm32f4xx_hal_msp.o
 .debug_macro   0x0001703c      0x20a ./Core/Src/stm32f4xx_it.o
 .debug_macro   0x00017246      0x1f6 ./Core/Src/system_stm32f4xx.o
 .debug_macro   0x0001743c      0x20a ./Core/Src/tim.o
 .debug_macro   0x00017646      0x256 ./Drivers/STM32F4xx_HAL_Driver/Src/stm32f4xx_hal.o
 .debug_macro   0x0001789c      0x1f6 ./Drivers/STM32F4xx_HAL_Driver/Src/stm32f4xx_hal_cortex.o
 .debug_macro   0x00017a92      0x1fc ./Drivers/STM32F4xx_HAL_Driver/Src/stm32f4xx_hal_dma.o
 .debug_macro   0x00017c8e      0x1fc ./Drivers/STM32F4xx_HAL_Driver/Src/stm32f4xx_hal_gpio.o
 .debug_macro   0x00017e8a      0x21a ./Drivers/STM32F4xx_HAL_Driver/Src/stm32f4xx_hal_rcc.o
 .debug_macro   0x000180a4      0x1f7 ./Drivers/STM32F4xx_HAL_Driver/Src/stm32f4xx_hal_tim.o
 .debug_macro   0x0001829b      0x1f6 ./Drivers/STM32F4xx_HAL_Driver/Src/stm32f4xx_hal_tim_ex.o

.debug_line     0x00000000     0xe870
 .debug_line    0x00000000      0x7cf ./Core/Src/brushless.o
 .debug_line    0x000007cf      0x6d1 ./Core/Src/dma.o
 .debug_line    0x00000ea0      0x715 ./Core/Src/gpio.o
 .debug_line    0x000015b5      0x8d5 ./Core/Src/ir_sensor.o
 .debug_line    0x00001e8a      0xb97 ./Core/Src/main.o
 .debug_line    0x00002a21      0x94b ./Core/Src/motor.o
 .debug_line    0x0000336c      0x8d9 ./Core/Src/pid.o
 .debug_line    0x00003c45      0x6d5 ./Core/Src/stm32f4xx_hal_msp.o
 .debug_line    0x0000431a      0x7b4 ./Core/Src/stm32f4xx_it.o
 .debug_line    0x00004ace      0x74b ./Core/Src/system_stm32f4xx.o
 .debug_line    0x00005219      0x9c5 ./Core/Src/tim.o
 .debug_line    0x00005bde       0x7a ./Core/Startup/startup_stm32f411ceux.o
 .debug_line    0x00005c58      0x9ca ./Drivers/STM32F4xx_HAL_Driver/Src/stm32f4xx_hal.o
 .debug_line    0x00006622      0xc97 ./Drivers/STM32F4xx_HAL_Driver/Src/stm32f4xx_hal_cortex.o
 .debug_line    0x000072b9      0xf33 ./Drivers/STM32F4xx_HAL_Driver/Src/stm32f4xx_hal_dma.o
 .debug_line    0x000081ec      0xae0 ./Drivers/STM32F4xx_HAL_Driver/Src/stm32f4xx_hal_gpio.o
 .debug_line    0x00008ccc      0xdd6 ./Drivers/STM32F4xx_HAL_Driver/Src/stm32f4xx_hal_rcc.o
 .debug_line    0x00009aa2     0x350c ./Drivers/STM32F4xx_HAL_Driver/Src/stm32f4xx_hal_tim.o
 .debug_line    0x0000cfae     0x18c2 ./Drivers/STM32F4xx_HAL_Driver/Src/stm32f4xx_hal_tim_ex.o

.debug_str      0x00000000    0x997dd
 .debug_str     0x00000000    0x997dd ./Core/Src/brushless.o
                              0x92630 (size before relaxing)
 .debug_str     0x000997dd    0x924a4 ./Core/Src/dma.o
 .debug_str     0x000997dd    0x921aa ./Core/Src/gpio.o
 .debug_str     0x000997dd    0x9294e ./Core/Src/ir_sensor.o
 .debug_str     0x000997dd    0x960c1 ./Core/Src/main.o
 .debug_str     0x000997dd    0x953ee ./Core/Src/motor.o
 .debug_str     0x000997dd    0x9595d ./Core/Src/pid.o
 .debug_str     0x000997dd    0x920df ./Core/Src/stm32f4xx_hal_msp.o
 .debug_str     0x000997dd    0x92312 ./Core/Src/stm32f4xx_it.o
 .debug_str     0x000997dd    0x9218f ./Core/Src/system_stm32f4xx.o
 .debug_str     0x000997dd    0x92a1b ./Core/Src/tim.o
 .debug_str     0x000997dd       0xaf ./Core/Startup/startup_stm32f411ceux.o
 .debug_str     0x000997dd    0x92bbb ./Drivers/STM32F4xx_HAL_Driver/Src/stm32f4xx_hal.o
 .debug_str     0x000997dd    0x92925 ./Drivers/STM32F4xx_HAL_Driver/Src/stm32f4xx_hal_cortex.o
 .debug_str     0x000997dd    0x92597 ./Drivers/STM32F4xx_HAL_Driver/Src/stm32f4xx_hal_dma.o
 .debug_str     0x000997dd    0x9230a ./Drivers/STM32F4xx_HAL_Driver/Src/stm32f4xx_hal_gpio.o
 .debug_str     0x000997dd    0x925c3 ./Drivers/STM32F4xx_HAL_Driver/Src/stm32f4xx_hal_rcc.o
 .debug_str     0x000997dd    0x93507 ./Drivers/STM32F4xx_HAL_Driver/Src/stm32f4xx_hal_tim.o
 .debug_str     0x000997dd    0x92d13 ./Drivers/STM32F4xx_HAL_Driver/Src/stm32f4xx_hal_tim_ex.o

.comment        0x00000000       0x43
 .comment       0x00000000       0x43 ./Core/Src/brushless.o
                                 0x44 (size before relaxing)
 .comment       0x00000043       0x44 ./Core/Src/dma.o
 .comment       0x00000043       0x44 ./Core/Src/gpio.o
 .comment       0x00000043       0x44 ./Core/Src/ir_sensor.o
 .comment       0x00000043       0x44 ./Core/Src/main.o
 .comment       0x00000043       0x44 ./Core/Src/motor.o
 .comment       0x00000043       0x44 ./Core/Src/pid.o
 .comment       0x00000043       0x44 ./Core/Src/stm32f4xx_hal_msp.o
 .comment       0x00000043       0x44 ./Core/Src/stm32f4xx_it.o
 .comment       0x00000043       0x44 ./Core/Src/system_stm32f4xx.o
 .comment       0x00000043       0x44 ./Core/Src/tim.o
 .comment       0x00000043       0x44 ./Drivers/STM32F4xx_HAL_Driver/Src/stm32f4xx_hal.o
 .comment       0x00000043       0x44 ./Drivers/STM32F4xx_HAL_Driver/Src/stm32f4xx_hal_cortex.o
 .comment       0x00000043       0x44 ./Drivers/STM32F4xx_HAL_Driver/Src/stm32f4xx_hal_dma.o
 .comment       0x00000043       0x44 ./Drivers/STM32F4xx_HAL_Driver/Src/stm32f4xx_hal_gpio.o
 .comment       0x00000043       0x44 ./Drivers/STM32F4xx_HAL_Driver/Src/stm32f4xx_hal_rcc.o
 .comment       0x00000043       0x44 ./Drivers/STM32F4xx_HAL_Driver/Src/stm32f4xx_hal_tim.o
 .comment       0x00000043       0x44 ./Drivers/STM32F4xx_HAL_Driver/Src/stm32f4xx_hal_tim_ex.o

.debug_frame    0x00000000     0x2b04
 .debug_frame   0x00000000       0x7c ./Core/Src/brushless.o
 .debug_frame   0x0000007c       0x34 ./Core/Src/dma.o
 .debug_frame   0x000000b0       0x34 ./Core/Src/gpio.o
 .debug_frame   0x000000e4      0x140 ./Core/Src/ir_sensor.o
 .debug_frame   0x00000224       0x6c ./Core/Src/main.o
 .debug_frame   0x00000290       0x98 ./Core/Src/motor.o
 .debug_frame   0x00000328       0x58 ./Core/Src/pid.o
 .debug_frame   0x00000380       0x34 ./Core/Src/stm32f4xx_hal_msp.o
 .debug_frame   0x000003b4      0x130 ./Core/Src/stm32f4xx_it.o
 .debug_frame   0x000004e4       0x50 ./Core/Src/system_stm32f4xx.o
 .debug_frame   0x00000534      0x130 ./Core/Src/tim.o
 .debug_frame   0x00000664      0x31c ./Drivers/STM32F4xx_HAL_Driver/Src/stm32f4xx_hal.o
 .debug_frame   0x00000980      0x4b8 ./Drivers/STM32F4xx_HAL_Driver/Src/stm32f4xx_hal_cortex.o
 .debug_frame   0x00000e38      0x230 ./Drivers/STM32F4xx_HAL_Driver/Src/stm32f4xx_hal_dma.o
 .debug_frame   0x00001068      0x130 ./Drivers/STM32F4xx_HAL_Driver/Src/stm32f4xx_hal_gpio.o
 .debug_frame   0x00001198      0x1d8 ./Drivers/STM32F4xx_HAL_Driver/Src/stm32f4xx_hal_rcc.o
 .debug_frame   0x00001370     0x10e8 ./Drivers/STM32F4xx_HAL_Driver/Src/stm32f4xx_hal_tim.o
 .debug_frame   0x00002458      0x600 ./Drivers/STM32F4xx_HAL_Driver/Src/stm32f4xx_hal_tim_ex.o
 .debug_frame   0x00002a58       0x20 /opt/st/stm32cubeide_2.1.0/plugins/com.st.stm32cube.ide.mcu.externaltools.gnu-tools-for-stm32.14.3.rel1.linux64_1.0.100.202602081740/tools/bin/../lib/gcc/arm-none-eabi/14.3.1/../../../../arm-none-eabi/lib/thumb/v7e-m+fp/hard/libc_nano.a(libc_a-memset.o)
 .debug_frame   0x00002a78       0x2c /opt/st/stm32cubeide_2.1.0/plugins/com.st.stm32cube.ide.mcu.externaltools.gnu-tools-for-stm32.14.3.rel1.linux64_1.0.100.202602081740/tools/bin/../lib/gcc/arm-none-eabi/14.3.1/../../../../arm-none-eabi/lib/thumb/v7e-m+fp/hard/libc_nano.a(libc_a-init.o)
 .debug_frame   0x00002aa4       0x2c /opt/st/stm32cubeide_2.1.0/plugins/com.st.stm32cube.ide.mcu.externaltools.gnu-tools-for-stm32.14.3.rel1.linux64_1.0.100.202602081740/tools/bin/../lib/gcc/arm-none-eabi/14.3.1/thumb/v7e-m+fp/hard/libgcc.a(_aeabi_uldivmod.o)
 .debug_frame   0x00002ad0       0x34 /opt/st/stm32cubeide_2.1.0/plugins/com.st.stm32cube.ide.mcu.externaltools.gnu-tools-for-stm32.14.3.rel1.linux64_1.0.100.202602081740/tools/bin/../lib/gcc/arm-none-eabi/14.3.1/thumb/v7e-m+fp/hard/libgcc.a(_udivmoddi4.o)

.debug_line_str
                0x00000000       0x93
 .debug_line_str
                0x00000000       0x93 ./Core/Startup/startup_stm32f411ceux.o
